     1                                  ; hello.asm
     2                                  SECTION .data                          ; Начало секции данных
     3 00000000 D094D0B8D0BED0BD20-         hello:        DB 'Дион Гонсан Седрик !',10 ; 'Дион Гонсан Седрик!' плюс
     3 00000009 D093D0BED0BDD181D0-
     3 00000012 B0D0BD20D0A1D0B5D0-
     3 0000001B B4D180D0B8D0BA2021-
     3 00000024 0A                 
     4                                  	                               ; символ перевода строки
     5                                      helloLen:EQU $-hello               ; Длина строки hello
     6                                  
     7                                  SECTION .text            ; Начало секции кода
     8                                      GLOBAL _start
     9                                      
    10                                  _start:                  ; Точка входа в программу
    11 00000000 B804000000                  mov eax,4            ; Системный вызов для записи (sys_write)
    12 00000005 BB01000000                  mov ebx,1            ; Описатель файла '1' - стандартный вывод
    13 0000000A B9[00000000]                mov ecx,hello        ; Адрес строки hello в ecx
    14 0000000F BA25000000                  mov edx,helloLen     ; Размер строки hello
    15 00000014 CD80                        int 80h              ; Вызов ядра
    16 00000016 B801000000                  mov eax,1            ; Системный вызов для выхода (sys_exit)
    17 0000001B BB00000000                  mov ebx,0            ; Выход с кодом возврата '0' (без ошибок)
    18 00000020 CD80                        int 80h              ; Вызов ядра
